// Jest Snapshot v1, https://goo.gl/fbAQLP

exports[`UserList test renders correctly 1`] = `ReactWrapper {}`;
