// Jest Snapshot v1, https://goo.gl/fbAQLP

exports[`UserDetail test ListGroupItem toggle activate 1`] = `ReactWrapper {}`;

exports[`UserDetail test renders correctly 1`] = `ReactWrapper {}`;
